Archive member included to satisfy reference by file (symbol)

/home/a-h/x-tools/arm-none-eabi/lib/gcc/arm-none-eabi/4.9.4/../../../../arm-none-eabi/lib/libm.a(lib_a-s_cos.o)
                              usbmouse.o (cos)
/home/a-h/x-tools/arm-none-eabi/lib/gcc/arm-none-eabi/4.9.4/../../../../arm-none-eabi/lib/libm.a(lib_a-s_sin.o)
                              usbmouse.o (sin)
/home/a-h/x-tools/arm-none-eabi/lib/gcc/arm-none-eabi/4.9.4/../../../../arm-none-eabi/lib/libm.a(lib_a-e_rem_pio2.o)
                              /home/a-h/x-tools/arm-none-eabi/lib/gcc/arm-none-eabi/4.9.4/../../../../arm-none-eabi/lib/libm.a(lib_a-s_cos.o) (__ieee754_rem_pio2)
/home/a-h/x-tools/arm-none-eabi/lib/gcc/arm-none-eabi/4.9.4/../../../../arm-none-eabi/lib/libm.a(lib_a-k_cos.o)
                              /home/a-h/x-tools/arm-none-eabi/lib/gcc/arm-none-eabi/4.9.4/../../../../arm-none-eabi/lib/libm.a(lib_a-s_cos.o) (__kernel_cos)
/home/a-h/x-tools/arm-none-eabi/lib/gcc/arm-none-eabi/4.9.4/../../../../arm-none-eabi/lib/libm.a(lib_a-k_rem_pio2.o)
                              /home/a-h/x-tools/arm-none-eabi/lib/gcc/arm-none-eabi/4.9.4/../../../../arm-none-eabi/lib/libm.a(lib_a-e_rem_pio2.o) (__kernel_rem_pio2)
/home/a-h/x-tools/arm-none-eabi/lib/gcc/arm-none-eabi/4.9.4/../../../../arm-none-eabi/lib/libm.a(lib_a-k_sin.o)
                              /home/a-h/x-tools/arm-none-eabi/lib/gcc/arm-none-eabi/4.9.4/../../../../arm-none-eabi/lib/libm.a(lib_a-s_cos.o) (__kernel_sin)
/home/a-h/x-tools/arm-none-eabi/lib/gcc/arm-none-eabi/4.9.4/../../../../arm-none-eabi/lib/libm.a(lib_a-s_fabs.o)
                              /home/a-h/x-tools/arm-none-eabi/lib/gcc/arm-none-eabi/4.9.4/../../../../arm-none-eabi/lib/libm.a(lib_a-e_rem_pio2.o) (fabs)
/home/a-h/x-tools/arm-none-eabi/lib/gcc/arm-none-eabi/4.9.4/../../../../arm-none-eabi/lib/libm.a(lib_a-s_floor.o)
                              /home/a-h/x-tools/arm-none-eabi/lib/gcc/arm-none-eabi/4.9.4/../../../../arm-none-eabi/lib/libm.a(lib_a-k_rem_pio2.o) (floor)
/home/a-h/x-tools/arm-none-eabi/lib/gcc/arm-none-eabi/4.9.4/../../../../arm-none-eabi/lib/libm.a(lib_a-s_scalbn.o)
                              /home/a-h/x-tools/arm-none-eabi/lib/gcc/arm-none-eabi/4.9.4/../../../../arm-none-eabi/lib/libm.a(lib_a-k_rem_pio2.o) (scalbn)
/home/a-h/x-tools/arm-none-eabi/lib/gcc/arm-none-eabi/4.9.4/../../../../arm-none-eabi/lib/libm.a(lib_a-s_copysign.o)
                              /home/a-h/x-tools/arm-none-eabi/lib/gcc/arm-none-eabi/4.9.4/../../../../arm-none-eabi/lib/libm.a(lib_a-s_scalbn.o) (copysign)
./libopencm3//lib/libopencm3_stm32f1.a(gpio.o)
                              usbmouse.o (gpio_set_mode)
./libopencm3//lib/libopencm3_stm32f1.a(rcc.o)
                              usbmouse.o (rcc_clock_setup_in_hsi_out_48mhz)
./libopencm3//lib/libopencm3_stm32f1.a(gpio_common_all.o)
                              usbmouse.o (gpio_set)
./libopencm3//lib/libopencm3_stm32f1.a(rcc_common_all.o)
                              usbmouse.o (rcc_periph_clock_enable)
./libopencm3//lib/libopencm3_stm32f1.a(flash_common_f01.o)
                              ./libopencm3//lib/libopencm3_stm32f1.a(rcc.o) (flash_set_ws)
./libopencm3//lib/libopencm3_stm32f1.a(usb.o)
                              usbmouse.o (usbd_init)
./libopencm3//lib/libopencm3_stm32f1.a(usb_control.o)
                              usbmouse.o (usbd_register_control_callback)
./libopencm3//lib/libopencm3_stm32f1.a(usb_standard.o)
                              usbmouse.o (usbd_register_set_config_callback)
./libopencm3//lib/libopencm3_stm32f1.a(st_usbfs_v1.o)
                              usbmouse.o (st_usbfs_v1_usb_driver)
./libopencm3//lib/libopencm3_stm32f1.a(vector.o)
                              (reset_handler)
./libopencm3//lib/libopencm3_stm32f1.a(systick.o)
                              usbmouse.o (systick_set_reload)
./libopencm3//lib/libopencm3_stm32f1.a(scb.o)
                              usbmouse.o (scb_reset_core)
./libopencm3//lib/libopencm3_stm32f1.a(assert.o)
                              ./libopencm3//lib/libopencm3_stm32f1.a(rcc.o) (cm3_assert_failed)
./libopencm3//lib/libopencm3_stm32f1.a(flash.o)
                              ./libopencm3//lib/libopencm3_stm32f1.a(flash_common_f01.o) (flash_get_status_flags)
./libopencm3//lib/libopencm3_stm32f1.a(st_usbfs_core.o)
                              ./libopencm3//lib/libopencm3_stm32f1.a(st_usbfs_v1.o) (st_usbfs_set_address)
/home/a-h/x-tools/arm-none-eabi/lib/gcc/arm-none-eabi/4.9.4/../../../../arm-none-eabi/lib/libc.a(lib_a-memcpy.o)
                              ./libopencm3//lib/libopencm3_stm32f1.a(usb_standard.o) (memcpy)
/home/a-h/x-tools/arm-none-eabi/lib/gcc/arm-none-eabi/4.9.4/../../../../arm-none-eabi/lib/libc.a(lib_a-strlen.o)
                              ./libopencm3//lib/libopencm3_stm32f1.a(usb_standard.o) (strlen)
/home/a-h/x-tools/arm-none-eabi/lib/gcc/arm-none-eabi/4.9.4/libgcc.a(_arm_addsubdf3.o)
[...]
Memory Configuration

Name             Origin             Length             Attributes
rom              0x0000000008000000 0x0000000000010000 xr
ram              0x0000000020000000 0x0000000000005000 xrw
*default*        0x0000000000000000 0xffffffffffffffff

Linker script and memory map

LOAD usbmouse.o
LOAD /home/a-h/x-tools/arm-none-eabi/lib/gcc/arm-none-eabi/4.9.4/../../../../arm-none-eabi/lib/libm.a
LOAD ./libopencm3//lib/libopencm3_stm32f1.a
START GROUP
LOAD /home/a-h/x-tools/arm-none-eabi/lib/gcc/arm-none-eabi/4.9.4/../../../../arm-none-eabi/lib/libc.a
LOAD /home/a-h/x-tools/arm-none-eabi/lib/gcc/arm-none-eabi/4.9.4/libgcc.a
LOAD /home/a-h/x-tools/arm-none-eabi/lib/gcc/arm-none-eabi/4.9.4/../../../../arm-none-eabi/lib/libnosys.a
END GROUP
START GROUP
LOAD /home/a-h/x-tools/arm-none-eabi/lib/gcc/arm-none-eabi/4.9.4/libgcc.a
LOAD /home/a-h/x-tools/arm-none-eabi/lib/gcc/arm-none-eabi/4.9.4/../../../../arm-none-eabi/lib/libc.a
END GROUP

.text           0x0000000008000000     0x316c
 *(.vectors)
 .vectors       0x0000000008000000      0x150 ./libopencm3//lib/libopencm3_stm32f1.a(vector.o)
                0x0000000008000000                vector_table
 *(.text*)
 .text.dfu_control_request
                0x0000000008000150       0x1c usbmouse.o
 .text.hid_set_config
                0x000000000800016c       0x50 usbmouse.o
 .text.dfu_detach_complete
                0x00000000080001bc       0x24 usbmouse.o
 .text.hid_control_request
                0x00000000080001e0       0x28 usbmouse.o
 .text.startup.main
                0x0000000008000208       0x7c usbmouse.o
                0x0000000008000208                main
 *fill*         0x0000000008000284        0x4 
 .text.sys_tick_handler
                0x0000000008000288       0x8c usbmouse.o
                0x0000000008000288                sys_tick_handler
 .text          0x0000000008000314       0x6c /home/a-h/x-tools/arm-none-eabi/lib/gcc/arm-none-eabi/4.9.4/../../../../arm-none-eabi/lib/libm.a(lib_a-s_cos.o)
                0x0000000008000314                cos
 .text          0x0000000008000380       0x74 /home/a-h/x-tools/arm-none-eabi/lib/gcc/arm-none-eabi/4.9.4/../../../../arm-none-eabi/lib/libm.a(lib_a-s_sin.o)
                0x0000000008000380                sin
 *fill*         0x00000000080003f4        0x4 
 .text          0x00000000080003f8      0x3dc /home/a-h/x-tools/arm-none-eabi/lib/gcc/arm-none-eabi/4.9.4/../../../../arm-none-eabi/lib/libm.a(lib_a-e_rem_pio2.o)
                0x00000000080003f8                __ieee754_rem_pio2
 *fill*         0x00000000080007d4        0x4 
 .text          0x00000000080007d8      0x1d4 /home/a-h/x-tools/arm-none-eabi/lib/gcc/arm-none-eabi/4.9.4/../../../../arm-none-eabi/lib/libm.a(lib_a-k_cos.o)
                0x00000000080007d8                __kernel_cos
 .text          0x00000000080009ac      0x634 /home/a-h/x-tools/arm-none-eabi/lib/gcc/arm-none-eabi/4.9.4/../../../../arm-none-eabi/lib/libm.a(lib_a-k_rem_pio2.o)
                0x00000000080009ac                __kernel_rem_pio2
 .text          0x0000000008000fe0      0x17c /home/a-h/x-tools/arm-none-eabi/lib/gcc/arm-none-eabi/4.9.4/../../../../arm-none-eabi/lib/libm.a(lib_a-k_sin.o)
                0x0000000008000fe0                __kernel_sin
 .text          0x000000000800115c        0x6 /home/a-h/x-tools/arm-none-eabi/lib/gcc/arm-none-eabi/4.9.4/../../../../arm-none-eabi/lib/libm.a(lib_a-s_fabs.o)
                0x000000000800115c                fabs
 *fill*         0x0000000008001162        0x6 
 .text          0x0000000008001168      0x108 /home/a-h/x-tools/arm-none-eabi/lib/gcc/arm-none-eabi/4.9.4/../../../../arm-none-eabi/lib/libm.a(lib_a-s_floor.o)
                0x0000000008001168                floor
 .text          0x0000000008001270       0xdc /home/a-h/x-tools/arm-none-eabi/lib/gcc/arm-none-eabi/4.9.4/../../../../arm-none-eabi/lib/libm.a(lib_a-s_scalbn.o)
                0x0000000008001270                scalbn
 .text          0x000000000800134c        0xe /home/a-h/x-tools/arm-none-eabi/lib/gcc/arm-none-eabi/4.9.4/../../../../arm-none-eabi/lib/libm.a(lib_a-s_copysign.o)
                0x000000000800134c                copysign
 .text.gpio_set_mode
                0x000000000800135a       0x64 ./libopencm3//lib/libopencm3_stm32f1.a(gpio.o)
                0x000000000800135a                gpio_set_mode
 *fill*         0x00000000080013be        0x2 
 .text.rcc_osc_on.part.1
                0x00000000080013c0       0x10 ./libopencm3//lib/libopencm3_stm32f1.a(rcc.o)
 .text.rcc_is_osc_ready
                0x00000000080013d0       0x5c ./libopencm3//lib/libopencm3_stm32f1.a(rcc.o)
                0x00000000080013d0                rcc_is_osc_ready
 .text.rcc_wait_for_osc_ready
                0x000000000800142c       0x10 ./libopencm3//lib/libopencm3_stm32f1.a(rcc.o)
                0x000000000800142c                rcc_wait_for_osc_ready
 .text.rcc_osc_on
                0x000000000800143c       0x54 ./libopencm3//lib/libopencm3_stm32f1.a(rcc.o)
                0x000000000800143c                rcc_osc_on
 .text.rcc_set_sysclk_source
                0x0000000008001490       0x14 ./libopencm3//lib/libopencm3_stm32f1.a(rcc.o)
                0x0000000008001490                rcc_set_sysclk_source
 .text.rcc_set_pll_multiplication_factor
                0x00000000080014a4       0x14 ./libopencm3//lib/libopencm3_stm32f1.a(rcc.o)
                0x00000000080014a4                rcc_set_pll_multiplication_factor
 .text.rcc_set_pll_source
                0x00000000080014b8       0x14 ./libopencm3//lib/libopencm3_stm32f1.a(rcc.o)
                0x00000000080014b8                rcc_set_pll_source
 .text.rcc_set_adcpre
                0x00000000080014cc       0x14 ./libopencm3//lib/libopencm3_stm32f1.a(rcc.o)
                0x00000000080014cc                rcc_set_adcpre
 .text.rcc_set_ppre2
                0x00000000080014e0       0x14 ./libopencm3//lib/libopencm3_stm32f1.a(rcc.o)
                0x00000000080014e0                rcc_set_ppre2
 .text.rcc_set_ppre1
                0x00000000080014f4       0x14 ./libopencm3//lib/libopencm3_stm32f1.a(rcc.o)
                0x00000000080014f4                rcc_set_ppre1
 .text.rcc_set_hpre
                0x0000000008001508       0x14 ./libopencm3//lib/libopencm3_stm32f1.a(rcc.o)
                0x0000000008001508                rcc_set_hpre
 .text.rcc_clock_setup_in_hsi_out_48mhz
                0x000000000800151c       0x84 ./libopencm3//lib/libopencm3_stm32f1.a(rcc.o)
                0x000000000800151c                rcc_clock_setup_in_hsi_out_48mhz
 .text.gpio_set
                0x00000000080015a0        0x4 ./libopencm3//lib/libopencm3_stm32f1.a(gpio_common_all.o)
                0x00000000080015a0                gpio_set
 .text.gpio_clear
                0x00000000080015a4        0x6 ./libopencm3//lib/libopencm3_stm32f1.a(gpio_common_all.o)
                0x00000000080015a4                gpio_clear
 .text.rcc_periph_clock_enable
                0x00000000080015aa       0x1a ./libopencm3//lib/libopencm3_stm32f1.a(rcc_common_all.o)
                0x00000000080015aa                rcc_periph_clock_enable
 .text.flash_set_ws
                0x00000000080015c4       0x14 ./libopencm3//lib/libopencm3_stm32f1.a(flash_common_f01.o)
                0x00000000080015c4                flash_set_ws
 .text.usbd_init
                0x00000000080015d8       0x58 ./libopencm3//lib/libopencm3_stm32f1.a(usb.o)
                0x00000000080015d8                usbd_init
 .text.usbd_poll
                0x0000000008001630        0x8 ./libopencm3//lib/libopencm3_stm32f1.a(usb.o)
                0x0000000008001630                usbd_poll
 .text.usbd_ep_setup
                0x0000000008001638        0xe ./libopencm3//lib/libopencm3_stm32f1.a(usb.o)
                0x0000000008001638                usbd_ep_setup
 .text._usbd_reset
                0x0000000008001646       0x34 ./libopencm3//lib/libopencm3_stm32f1.a(usb.o)
                0x0000000008001646                _usbd_reset
 .text.usbd_ep_write_packet
                0x000000000800167a        0xe ./libopencm3//lib/libopencm3_stm32f1.a(usb.o)
                0x000000000800167a                usbd_ep_write_packet
 .text.usbd_ep_read_packet
                0x0000000008001688        0xe ./libopencm3//lib/libopencm3_stm32f1.a(usb.o)
                0x0000000008001688                usbd_ep_read_packet
 .text.usbd_ep_stall_set
                0x0000000008001696        0x8 ./libopencm3//lib/libopencm3_stm32f1.a(usb.o)
                0x0000000008001696                usbd_ep_stall_set
 .text.usbd_ep_stall_get
                0x000000000800169e        0x8 ./libopencm3//lib/libopencm3_stm32f1.a(usb.o)
                0x000000000800169e                usbd_ep_stall_get
 .text.usbd_ep_nak_set
                0x00000000080016a6        0x8 ./libopencm3//lib/libopencm3_stm32f1.a(usb.o)
                0x00000000080016a6                usbd_ep_nak_set
 .text.stall_transaction
                0x00000000080016ae       0x14 ./libopencm3//lib/libopencm3_stm32f1.a(usb_control.o)
 .text.usb_control_recv_chunk
                0x00000000080016c2       0x3a ./libopencm3//lib/libopencm3_stm32f1.a(usb_control.o)
 .text.usb_control_send_chunk
                0x00000000080016fc       0x56 ./libopencm3//lib/libopencm3_stm32f1.a(usb_control.o)
 .text.usb_control_request_dispatch
                0x0000000008001752       0x62 ./libopencm3//lib/libopencm3_stm32f1.a(usb_control.o)
 .text.usb_control_setup_read
                0x00000000080017b4       0x6a ./libopencm3//lib/libopencm3_stm32f1.a(usb_control.o)
 .text.usbd_register_control_callback
                0x000000000800181e       0x26 ./libopencm3//lib/libopencm3_stm32f1.a(usb_control.o)
                0x000000000800181e                usbd_register_control_callback
 .text._usbd_control_setup
                0x0000000008001844       0x70 ./libopencm3//lib/libopencm3_stm32f1.a(usb_control.o)
                0x0000000008001844                _usbd_control_setup
 .text._usbd_control_out
                0x00000000080018b4       0x86 ./libopencm3//lib/libopencm3_stm32f1.a(usb_control.o)
                0x00000000080018b4                _usbd_control_out
 .text._usbd_control_in
                0x000000000800193a       0x64 ./libopencm3//lib/libopencm3_stm32f1.a(usb_control.o)
                0x000000000800193a                _usbd_control_in
 .text.usb_standard_set_configuration
                0x000000000800199e       0x92 ./libopencm3//lib/libopencm3_stm32f1.a(usb_standard.o)
 .text.usb_standard_get_configuration
                0x0000000008001a30       0x22 ./libopencm3//lib/libopencm3_stm32f1.a(usb_standard.o)
 .text.usb_standard_get_interface
                0x0000000008001a52       0x34 ./libopencm3//lib/libopencm3_stm32f1.a(usb_standard.o)
 .text.usb_standard_device_get_status
                0x0000000008001a86       0x18 ./libopencm3//lib/libopencm3_stm32f1.a(usb_standard.o)
 .text.usb_standard_interface_get_status
                0x0000000008001a9e       0x18 ./libopencm3//lib/libopencm3_stm32f1.a(usb_standard.o)
 .text.usb_standard_endpoint_get_status
                0x0000000008001ab6       0x2a ./libopencm3//lib/libopencm3_stm32f1.a(usb_standard.o)
 .text.usb_standard_endpoint_stall
                0x0000000008001ae0       0x10 ./libopencm3//lib/libopencm3_stm32f1.a(usb_standard.o)
 .text.usb_standard_endpoint_unstall
                0x0000000008001af0       0x10 ./libopencm3//lib/libopencm3_stm32f1.a(usb_standard.o)
 .text.usb_standard_set_address
                0x0000000008001b00       0x2a ./libopencm3//lib/libopencm3_stm32f1.a(usb_standard.o)
 .text.usb_standard_set_interface
                0x0000000008001b2a       0x4a ./libopencm3//lib/libopencm3_stm32f1.a(usb_standard.o)
 .text.usb_standard_get_descriptor
                0x0000000008001b74      0x258 ./libopencm3//lib/libopencm3_stm32f1.a(usb_standard.o)
 .text.usbd_register_set_config_callback
                0x0000000008001dcc       0x24 ./libopencm3//lib/libopencm3_stm32f1.a(usb_standard.o)
                0x0000000008001dcc                usbd_register_set_config_callback
 .text._usbd_standard_request_device
                0x0000000008001df0       0x20 ./libopencm3//lib/libopencm3_stm32f1.a(usb_standard.o)
                0x0000000008001df0                _usbd_standard_request_device
 .text._usbd_standard_request_interface
                0x0000000008001e10       0x20 ./libopencm3//lib/libopencm3_stm32f1.a(usb_standard.o)
                0x0000000008001e10                _usbd_standard_request_interface
 .text._usbd_standard_request_endpoint
                0x0000000008001e30       0x3c ./libopencm3//lib/libopencm3_stm32f1.a(usb_standard.o)
                0x0000000008001e30                _usbd_standard_request_endpoint
 .text._usbd_standard_request
                0x0000000008001e6c       0x30 ./libopencm3//lib/libopencm3_stm32f1.a(usb_standard.o)
                0x0000000008001e6c                _usbd_standard_request
 .text.st_usbfs_v1_usbd_init
                0x0000000008001e9c       0x30 ./libopencm3//lib/libopencm3_stm32f1.a(st_usbfs_v1.o)
 .text.st_usbfs_copy_to_pm
                0x0000000008001ecc       0x18 ./libopencm3//lib/libopencm3_stm32f1.a(st_usbfs_v1.o)
                0x0000000008001ecc                st_usbfs_copy_to_pm
 .text.st_usbfs_copy_from_pm
                0x0000000008001ee4       0x2a ./libopencm3//lib/libopencm3_stm32f1.a(st_usbfs_v1.o)
                0x0000000008001ee4                st_usbfs_copy_from_pm
 .text.blocking_handler
                0x0000000008001f0e        0x2 ./libopencm3//lib/libopencm3_stm32f1.a(vector.o)
                0x0000000008001f0e                usart3_isr
                0x0000000008001f0e                rtc_isr
                0x0000000008001f0e                tim7_isr
                0x0000000008001f0e                adc1_2_isr
                0x0000000008001f0e                tim1_trg_com_isr
                0x0000000008001f0e                usb_hp_can_tx_isr
                0x0000000008001f0e                tim6_isr
                0x0000000008001f0e                usb_wakeup_isr
                0x0000000008001f0e                blocking_handler
                0x0000000008001f0e                tim5_isr
                0x0000000008001f0e                otg_fs_isr
                0x0000000008001f0e                spi1_isr
                0x0000000008001f0e                dma1_channel6_isr
                0x0000000008001f0e                exti2_isr
                0x0000000008001f0e                can_rx1_isr
                0x0000000008001f0e                dma1_channel5_isr
                0x0000000008001f0e                dma2_channel5_isr
                0x0000000008001f0e                usart1_isr
                0x0000000008001f0e                usage_fault_handler
                0x0000000008001f0e                tim8_trg_com_isr
                0x0000000008001f0e                can2_rx0_isr
                0x0000000008001f0e                tim1_brk_isr
                0x0000000008001f0e                can2_rx1_isr
                0x0000000008001f0e                tim1_cc_isr
                0x0000000008001f0e                sdio_isr
                0x0000000008001f0e                eth_isr
                0x0000000008001f0e                dma1_channel4_isr
                0x0000000008001f0e                tim8_brk_isr
                0x0000000008001f0e                dma2_channel4_5_isr
                0x0000000008001f0e                pvd_isr
                0x0000000008001f0e                rcc_isr
                0x0000000008001f0e                flash_isr
                0x0000000008001f0e                uart4_isr
                0x0000000008001f0e                rtc_alarm_isr
                0x0000000008001f0e                exti15_10_isr
                0x0000000008001f0e                hard_fault_handler
                0x0000000008001f0e                exti1_isr
                0x0000000008001f0e                i2c1_ev_isr
                0x0000000008001f0e                dma2_channel1_isr
                0x0000000008001f0e                spi2_isr
                0x0000000008001f0e                tim8_up_isr
                0x0000000008001f0e                dma2_channel2_isr
                0x0000000008001f0e                adc3_isr
                0x0000000008001f0e                exti3_isr
                0x0000000008001f0e                tim3_isr
                0x0000000008001f0e                usart2_isr
                0x0000000008001f0e                usb_lp_can_rx0_isr
                0x0000000008001f0e                i2c2_er_isr
                0x0000000008001f0e                i2c2_ev_isr
                0x0000000008001f0e                uart5_isr
                0x0000000008001f0e                fsmc_isr
                0x0000000008001f0e                dma1_channel1_isr
                0x0000000008001f0e                exti4_isr
                0x0000000008001f0e                mem_manage_handler
                0x0000000008001f0e                can2_tx_isr
                0x0000000008001f0e                exti9_5_isr
                0x0000000008001f0e                dma2_channel3_isr
                0x0000000008001f0e                dma1_channel7_isr
                0x0000000008001f0e                tim1_up_isr
                0x0000000008001f0e                can2_sce_isr
                0x0000000008001f0e                tim4_isr
                0x0000000008001f0e                dma1_channel2_isr
                0x0000000008001f0e                i2c1_er_isr
                0x0000000008001f0e                can_sce_isr
                0x0000000008001f0e                tim8_cc_isr
                0x0000000008001f0e                tamper_isr
                0x0000000008001f0e                eth_wkup_isr
                0x0000000008001f0e                bus_fault_handler
                0x0000000008001f0e                wwdg_isr
                0x0000000008001f0e                dma1_channel3_isr
                0x0000000008001f0e                spi3_isr
                0x0000000008001f0e                tim2_isr
                0x0000000008001f0e                exti0_isr
 .text.null_handler
                0x0000000008001f10        0x2 ./libopencm3//lib/libopencm3_stm32f1.a(vector.o)
                0x0000000008001f10                null_handler
                0x0000000008001f10                sv_call_handler
                0x0000000008001f10                pend_sv_handler
                0x0000000008001f10                debug_monitor_handler
                0x0000000008001f10                nmi_handler
 *fill*         0x0000000008001f12        0x2 
 .text.reset_handler
                0x0000000008001f14       0x90 ./libopencm3//lib/libopencm3_stm32f1.a(vector.o)
                0x0000000008001f14                reset_handler
 .text.systick_set_reload
                0x0000000008001fa4       0x10 ./libopencm3//lib/libopencm3_stm32f1.a(systick.o)
                0x0000000008001fa4                systick_set_reload
 .text.systick_set_clocksource
                0x0000000008001fb4       0x18 ./libopencm3//lib/libopencm3_stm32f1.a(systick.o)
                0x0000000008001fb4                systick_set_clocksource
 .text.systick_interrupt_enable
                0x0000000008001fcc       0x10 ./libopencm3//lib/libopencm3_stm32f1.a(systick.o)
                0x0000000008001fcc                systick_interrupt_enable
 .text.systick_counter_enable
                0x0000000008001fdc       0x10 ./libopencm3//lib/libopencm3_stm32f1.a(systick.o)
                0x0000000008001fdc                systick_counter_enable
 .text.scb_reset_core
                0x0000000008001fec       0x10 ./libopencm3//lib/libopencm3_stm32f1.a(scb.o)
                0x0000000008001fec                scb_reset_core
 .text.st_usbfs_set_address
                0x0000000008001ffc       0x10 ./libopencm3//lib/libopencm3_stm32f1.a(st_usbfs_core.o)
                0x0000000008001ffc                st_usbfs_set_address
 .text.st_usbfs_set_ep_rx_bufsize
                0x000000000800200c       0x3c ./libopencm3//lib/libopencm3_stm32f1.a(st_usbfs_core.o)
                0x000000000800200c                st_usbfs_set_ep_rx_bufsize
 .text.st_usbfs_ep_setup
                0x0000000008002048      0x124 ./libopencm3//lib/libopencm3_stm32f1.a(st_usbfs_core.o)
                0x0000000008002048                st_usbfs_ep_setup
 .text.st_usbfs_endpoints_reset
                0x000000000800216c       0x44 ./libopencm3//lib/libopencm3_stm32f1.a(st_usbfs_core.o)
                0x000000000800216c                st_usbfs_endpoints_reset
 .text.st_usbfs_ep_stall_set
                0x00000000080021b0       0xb0 ./libopencm3//lib/libopencm3_stm32f1.a(st_usbfs_core.o)
                0x00000000080021b0                st_usbfs_ep_stall_set
 .text.st_usbfs_ep_stall_get
                0x0000000008002260       0x38 ./libopencm3//lib/libopencm3_stm32f1.a(st_usbfs_core.o)
                0x0000000008002260                st_usbfs_ep_stall_get
 .text.st_usbfs_ep_nak_set
                0x0000000008002298       0x3c ./libopencm3//lib/libopencm3_stm32f1.a(st_usbfs_core.o)
                0x0000000008002298                st_usbfs_ep_nak_set
 .text.st_usbfs_ep_write_packet
                0x00000000080022d4       0x80 ./libopencm3//lib/libopencm3_stm32f1.a(st_usbfs_core.o)
                0x00000000080022d4                st_usbfs_ep_write_packet
 .text.st_usbfs_ep_read_packet
                0x0000000008002354       0xac ./libopencm3//lib/libopencm3_stm32f1.a(st_usbfs_core.o)
                0x0000000008002354                st_usbfs_ep_read_packet
 .text.st_usbfs_poll
                0x0000000008002400       0xe0 ./libopencm3//lib/libopencm3_stm32f1.a(st_usbfs_core.o)
                0x0000000008002400                st_usbfs_poll
 .text          0x00000000080024e0       0x16 /home/a-h/x-tools/arm-none-eabi/lib/gcc/arm-none-eabi/4.9.4/../../../../arm-none-eabi/lib/libc.a(lib_a-memcpy.o)
                0x00000000080024e0                memcpy
 .text          0x00000000080024f6       0x10 /home/a-h/x-tools/arm-none-eabi/lib/gcc/arm-none-eabi/4.9.4/../../../../arm-none-eabi/lib/libc.a(lib_a-strlen.o)
                0x00000000080024f6                strlen
 *fill*         0x0000000008002506        0x2 
 .text          0x0000000008002508      0x370 /home/a-h/x-tools/arm-none-eabi/lib/gcc/arm-none-eabi/4.9.4/libgcc.a(_arm_addsubdf3.o)
                0x0000000008002508                __aeabi_drsub
                0x0000000008002510                __aeabi_dsub
                0x0000000008002510                __subdf3
                0x0000000008002514                __adddf3
                0x0000000008002514                __aeabi_dadd
                0x000000000800278c                __aeabi_ui2d
                0x000000000800278c                __floatunsidf
                0x00000000080027ac                __floatsidf
                0x00000000080027ac                __aeabi_i2d
                0x00000000080027d0                __extendsfdf2
                0x00000000080027d0                __aeabi_f2d
                0x000000000800280c                __aeabi_ul2d
                0x000000000800280c                __floatundidf
                0x000000000800281c                __floatdidf
                0x000000000800281c                __aeabi_l2d
 .text          0x0000000008002878      0x424 /home/a-h/x-tools/arm-none-eabi/lib/gcc/arm-none-eabi/4.9.4/libgcc.a(_arm_muldivdf3.o)
                0x0000000008002878                __aeabi_dmul
                0x0000000008002878                __muldf3
                0x0000000008002acc                __aeabi_ddiv
                0x0000000008002acc                __divdf3
 .text          0x0000000008002c9c      0x110 /home/a-h/x-tools/arm-none-eabi/lib/gcc/arm-none-eabi/4.9.4/libgcc.a(_arm_cmpdf2.o)
                0x0000000008002c9c                __gtdf2
                0x0000000008002c9c                __gedf2
                0x0000000008002ca4                __ltdf2
                0x0000000008002ca4                __ledf2
                0x0000000008002cac                __cmpdf2
                0x0000000008002cac                __eqdf2
                0x0000000008002cac                __nedf2
                0x0000000008002d28                __aeabi_cdrcmple
                0x0000000008002d38                __aeabi_cdcmple
                0x0000000008002d38                __aeabi_cdcmpeq
                0x0000000008002d48                __aeabi_dcmpeq
                0x0000000008002d5c                __aeabi_dcmplt
                0x0000000008002d70                __aeabi_dcmple
                0x0000000008002d84                __aeabi_dcmpge
                0x0000000008002d98                __aeabi_dcmpgt
 .text          0x0000000008002dac       0x50 /home/a-h/x-tools/arm-none-eabi/lib/gcc/arm-none-eabi/4.9.4/libgcc.a(_arm_fixdfsi.o)
                0x0000000008002dac                __fixdfsi
                0x0000000008002dac                __aeabi_d2iz
                0x0000000008002dfc                . = ALIGN (0x4)
 *(.rodata*)
 .rodata.dev_descr
                0x0000000008002dfc       0x12 usbmouse.o
                0x0000000008002dfc                dev_descr
 .rodata.config
                0x0000000008002e0e        0xd usbmouse.o
                0x0000000008002e0e                config
 .rodata.hid_report_descriptor
                0x0000000008002e1b       0x4a usbmouse.o
 .rodata.dfu_function
                0x0000000008002e65        0x9 usbmouse.o
                0x0000000008002e65                dfu_function
 .rodata.str1.1
                0x0000000008002e6e       0x2e usbmouse.o
                                         0x34 (size before relaxing)
 .rodata.hid_iface
                0x0000000008002e9c       0x15 usbmouse.o
                0x0000000008002e9c                hid_iface
 .rodata.hid_function
                0x0000000008002eb1        0x9 usbmouse.o
 .rodata.hid_endpoint
                0x0000000008002eba        0xf usbmouse.o
                0x0000000008002eba                hid_endpoint
 .rodata.dfu_iface
                0x0000000008002ec9       0x15 usbmouse.o
                0x0000000008002ec9                dfu_iface
 *fill*         0x0000000008002ede        0x2 
 .rodata.ifaces
                0x0000000008002ee0       0x20 usbmouse.o
                0x0000000008002ee0                ifaces
 .rodata        0x0000000008002f00      0x188 /home/a-h/x-tools/arm-none-eabi/lib/gcc/arm-none-eabi/4.9.4/../../../../arm-none-eabi/lib/libm.a(lib_a-e_rem_pio2.o)
 .rodata        0x0000000008003088       0x50 /home/a-h/x-tools/arm-none-eabi/lib/gcc/arm-none-eabi/4.9.4/../../../../arm-none-eabi/lib/libm.a(lib_a-k_rem_pio2.o)
 .rodata.CSWTCH.24
                0x00000000080030d8       0x28 ./libopencm3//lib/libopencm3_stm32f1.a(usb_standard.o)
 .rodata.CSWTCH.26
                0x0000000008003100       0x30 ./libopencm3//lib/libopencm3_stm32f1.a(usb_standard.o)
 .rodata.st_usbfs_v1_usb_driver
                0x0000000008003130       0x34 ./libopencm3//lib/libopencm3_stm32f1.a(st_usbfs_v1.o)
                0x0000000008003130                st_usbfs_v1_usb_driver
 .rodata        0x0000000008003164        0x8 ./libopencm3//lib/libopencm3_stm32f1.a(st_usbfs_core.o)
                0x000000000800316c                . = ALIGN (0x4)

.glue_7         0x000000000800316c        0x0
 .glue_7        0x000000000800316c        0x0 linker stubs

.glue_7t        0x000000000800316c        0x0
 .glue_7t       0x000000000800316c        0x0 linker stubs

.vfp11_veneer   0x000000000800316c        0x0
 .vfp11_veneer  0x000000000800316c        0x0 linker stubs

.v4_bx          0x000000000800316c        0x0
 .v4_bx         0x000000000800316c        0x0 linker stubs

.iplt           0x000000000800316c        0x0
 .iplt          0x000000000800316c        0x0 usbmouse.o

.rel.dyn        0x000000000800316c        0x0
 .rel.iplt      0x000000000800316c        0x0 usbmouse.o

.preinit_array  0x000000000800316c        0x0
                0x000000000800316c                . = ALIGN (0x4)
                0x000000000800316c                __preinit_array_start = .
 *(.preinit_array)
                0x000000000800316c                __preinit_array_end = .

.init_array     0x000000000800316c        0x0
                0x000000000800316c                . = ALIGN (0x4)
                0x000000000800316c                __init_array_start = .
 *(SORT(.init_array.*))
 *(.init_array)
                0x000000000800316c                __init_array_end = .

.fini_array     0x000000000800316c        0x0
                0x000000000800316c                . = ALIGN (0x4)
                0x000000000800316c                __fini_array_start = .
 *(.fini_array)
 *(SORT(.fini_array.*))
                0x000000000800316c                __fini_array_end = .

.ARM.extab
 *(.ARM.extab*)

.ARM.exidx      0x000000000800316c        0x0
                0x000000000800316c                __exidx_start = .
 *(.ARM.exidx*)
                0x000000000800316c                __exidx_end = .
                0x000000000800316c                . = ALIGN (0x4)
                0x000000000800316c                _etext = .

.data           0x0000000020000000       0x18 load address 0x000000000800316c
                0x0000000020000000                _data = .
 *(.data*)
 .data.usb_strings
                0x0000000020000000        0xc usbmouse.o
 .data.rcc_ahb_frequency
                0x000000002000000c        0x4 ./libopencm3//lib/libopencm3_stm32f1.a(rcc.o)
                0x000000002000000c                rcc_ahb_frequency
 .data.rcc_apb1_frequency
                0x0000000020000010        0x4 ./libopencm3//lib/libopencm3_stm32f1.a(rcc.o)
                0x0000000020000010                rcc_apb1_frequency
 .data.rcc_apb2_frequency
                0x0000000020000014        0x4 ./libopencm3//lib/libopencm3_stm32f1.a(rcc.o)
                0x0000000020000014                rcc_apb2_frequency
                0x0000000020000018                . = ALIGN (0x4)
                0x0000000020000018                _edata = .
                0x000000000800316c                _data_loadaddr = LOADADDR (.data)

.igot.plt       0x0000000020000018        0x0 load address 0x0000000008003184
 .igot.plt      0x0000000020000018        0x0 usbmouse.o

.bss            0x0000000020000018      0x198 load address 0x0000000008003184
 *(.bss*)
 .bss.usbd_control_buffer
                0x0000000020000018       0x80 usbmouse.o
                0x0000000020000018                usbd_control_buffer
 .bss.t         0x0000000020000098        0x8 usbmouse.o
                0x0000000020000098                t
 .bss.ycurrent  0x00000000200000a0        0x1 usbmouse.o
                0x00000000200000a0                ycurrent
 *fill*         0x00000000200000a1        0x3 
 .bss.usbd_dev  0x00000000200000a4        0x4 usbmouse.o
 .bss.xcurrent  0x00000000200000a8        0x1 usbmouse.o
                0x00000000200000a8                xcurrent
 .bss.st_usbfs_force_nak
                0x00000000200000a9        0x8 ./libopencm3//lib/libopencm3_stm32f1.a(st_usbfs_core.o)
                0x00000000200000a9                st_usbfs_force_nak
 *fill*         0x00000000200000b1        0x3 
 .bss.st_usbfs_dev
                0x00000000200000b4       0xfc ./libopencm3//lib/libopencm3_stm32f1.a(st_usbfs_core.o)
                0x00000000200000b4                st_usbfs_dev
 *(COMMON)
                0x00000000200001b0                . = ALIGN (0x4)
                0x00000000200001b0                _ebss = .

/DISCARD/
 *(.eh_frame)
                0x00000000200001b0                . = ALIGN (0x4)
                0x00000000200001b0                end = .
                0x0000000020005000                PROVIDE (_stack, (ORIGIN (ram) + LENGTH (ram)))
OUTPUT(usbmouse.elf elf32-littlearm)

.debug_info     0x0000000000000000     0x9953
 .debug_info    0x0000000000000000      0xf17 usbmouse.o
 .debug_info    0x0000000000000f17      0x1a7 /home/a-h/x-tools/arm-none-eabi/lib/gcc/arm-none-eabi/4.9.4/../../../../arm-none-eabi/lib/libm.a(lib_a-s_cos.o)
 .debug_info    0x00000000000010be      0x19f /home/a-h/x-tools/arm-none-eabi/lib/gcc/arm-none-eabi/4.9.4/../../../../arm-none-eabi/lib/libm.a(lib_a-s_sin.o)
 .debug_info    0x000000000000125d      0x3eb /home/a-h/x-tools/arm-none-eabi/lib/gcc/arm-none-eabi/4.9.4/../../../../arm-none-eabi/lib/libm.a(lib_a-e_rem_pio2.o)
 .debug_info    0x0000000000001648      0x21c /home/a-h/x-tools/arm-none-eabi/lib/gcc/arm-none-eabi/4.9.4/../../../../arm-none-eabi/lib/libm.a(lib_a-k_cos.o)
 .debug_info    0x0000000000001864      0x362 /home/a-h/x-tools/arm-none-eabi/lib/gcc/arm-none-eabi/4.9.4/../../../../arm-none-eabi/lib/libm.a(lib_a-k_rem_pio2.o)
 .debug_info    0x0000000000001bc6      0x198 /home/a-h/x-tools/arm-none-eabi/lib/gcc/arm-none-eabi/4.9.4/../../../../arm-none-eabi/lib/libm.a(lib_a-k_sin.o)
 .debug_info    0x0000000000001d5e      0x136 /home/a-h/x-tools/arm-none-eabi/lib/gcc/arm-none-eabi/4.9.4/../../../../arm-none-eabi/lib/libm.a(lib_a-s_fabs.o)
 .debug_info    0x0000000000001e94      0x1a5 /home/a-h/x-tools/arm-none-eabi/lib/gcc/arm-none-eabi/4.9.4/../../../../arm-none-eabi/lib/libm.a(lib_a-s_floor.o)
 .debug_info    0x0000000000002039      0x261 /home/a-h/x-tools/arm-none-eabi/lib/gcc/arm-none-eabi/4.9.4/../../../../arm-none-eabi/lib/libm.a(lib_a-s_scalbn.o)
 .debug_info    0x000000000000229a      0x14d /home/a-h/x-tools/arm-none-eabi/lib/gcc/arm-none-eabi/4.9.4/../../../../arm-none-eabi/lib/libm.a(lib_a-s_copysign.o)
 .debug_info    0x00000000000023e7      0x1df ./libopencm3//lib/libopencm3_stm32f1.a(gpio.o)
 .debug_info    0x00000000000025c6     0x10fd ./libopencm3//lib/libopencm3_stm32f1.a(rcc.o)
 .debug_info    0x00000000000036c3      0x22c ./libopencm3//lib/libopencm3_stm32f1.a(gpio_common_all.o)
 .debug_info    0x00000000000038ef      0x5b8 ./libopencm3//lib/libopencm3_stm32f1.a(rcc_common_all.o)
 .debug_info    0x0000000000003ea7      0x27f ./libopencm3//lib/libopencm3_stm32f1.a(flash_common_f01.o)
 .debug_info    0x0000000000004126      0xda5 ./libopencm3//lib/libopencm3_stm32f1.a(usb.o)
 .debug_info    0x0000000000004ecb      0xf9b ./libopencm3//lib/libopencm3_stm32f1.a(usb_control.o)
 .debug_info    0x0000000000005e66     0x14d6 ./libopencm3//lib/libopencm3_stm32f1.a(usb_standard.o)
 .debug_info    0x000000000000733c      0xc13 ./libopencm3//lib/libopencm3_stm32f1.a(st_usbfs_v1.o)
 .debug_info    0x0000000000007f4f      0x2a4 ./libopencm3//lib/libopencm3_stm32f1.a(vector.o)
 .debug_info    0x00000000000081f3      0x255 ./libopencm3//lib/libopencm3_stm32f1.a(systick.o)
 .debug_info    0x0000000000008448       0xd7 ./libopencm3//lib/libopencm3_stm32f1.a(scb.o)
 .debug_info    0x000000000000851f      0xe83 ./libopencm3//lib/libopencm3_stm32f1.a(st_usbfs_core.o)
 .debug_info    0x00000000000093a2      0x100 /home/a-h/x-tools/arm-none-eabi/lib/gcc/arm-none-eabi/4.9.4/../../../../arm-none-eabi/lib/libc.a(lib_a-memcpy.o)
 .debug_info    0x00000000000094a2       0xc9 /home/a-h/x-tools/arm-none-eabi/lib/gcc/arm-none-eabi/4.9.4/../../../../arm-none-eabi/lib/libc.a(lib_a-strlen.o)
 .debug_info    0x000000000000956b       0xfa /home/a-h/x-tools/arm-none-eabi/lib/gcc/arm-none-eabi/4.9.4/libgcc.a(_arm_addsubdf3.o)
 .debug_info    0x0000000000009665       0xfa /home/a-h/x-tools/arm-none-eabi/lib/gcc/arm-none-eabi/4.9.4/libgcc.a(_arm_muldivdf3.o)
 .debug_info    0x000000000000975f       0xfa /home/a-h/x-tools/arm-none-eabi/lib/gcc/arm-none-eabi/4.9.4/libgcc.a(_arm_cmpdf2.o)
 .debug_info    0x0000000000009859       0xfa /home/a-h/x-tools/arm-none-eabi/lib/gcc/arm-none-eabi/4.9.4/libgcc.a(_arm_fixdfsi.o)

.debug_abbrev   0x0000000000000000     0x2508
 .debug_abbrev  0x0000000000000000      0x32c usbmouse.o
 .debug_abbrev  0x000000000000032c      0x106 /home/a-h/x-tools/arm-none-eabi/lib/gcc/arm-none-eabi/4.9.4/../../../../arm-none-eabi/lib/libm.a(lib_a-s_cos.o)
 .debug_abbrev  0x0000000000000432       0xfb /home/a-h/x-tools/arm-none-eabi/lib/gcc/arm-none-eabi/4.9.4/../../../../arm-none-eabi/lib/libm.a(lib_a-s_sin.o)
 .debug_abbrev  0x000000000000052d      0x166 /home/a-h/x-tools/arm-none-eabi/lib/gcc/arm-none-eabi/4.9.4/../../../../arm-none-eabi/lib/libm.a(lib_a-e_rem_pio2.o)
 .debug_abbrev  0x0000000000000693       0xe0 /home/a-h/x-tools/arm-none-eabi/lib/gcc/arm-none-eabi/4.9.4/../../../../arm-none-eabi/lib/libm.a(lib_a-k_cos.o)
 .debug_abbrev  0x0000000000000773      0x154 /home/a-h/x-tools/arm-none-eabi/lib/gcc/arm-none-eabi/4.9.4/../../../../arm-none-eabi/lib/libm.a(lib_a-k_rem_pio2.o)
 .debug_abbrev  0x00000000000008c7       0x94 /home/a-h/x-tools/arm-none-eabi/lib/gcc/arm-none-eabi/4.9.4/../../../../arm-none-eabi/lib/libm.a(lib_a-k_sin.o)
 .debug_abbrev  0x000000000000095b       0xb9 /home/a-h/x-tools/arm-none-eabi/lib/gcc/arm-none-eabi/4.9.4/../../../../arm-none-eabi/lib/libm.a(lib_a-s_fabs.o)
 .debug_abbrev  0x0000000000000a14       0xe9 /home/a-h/x-tools/arm-none-eabi/lib/gcc/arm-none-eabi/4.9.4/../../../../arm-none-eabi/lib/libm.a(lib_a-s_floor.o)
 .debug_abbrev  0x0000000000000afd      0x136 /home/a-h/x-tools/arm-none-eabi/lib/gcc/arm-none-eabi/4.9.4/../../../../arm-none-eabi/lib/libm.a(lib_a-s_scalbn.o)
 .debug_abbrev  0x0000000000000c33       0xe4 /home/a-h/x-tools/arm-none-eabi/lib/gcc/arm-none-eabi/4.9.4/../../../../arm-none-eabi/lib/libm.a(lib_a-s_copysign.o)
 .debug_abbrev  0x0000000000000d17       0xb7 ./libopencm3//lib/libopencm3_stm32f1.a(gpio.o)
 .debug_abbrev  0x0000000000000dce      0x291 ./libopencm3//lib/libopencm3_stm32f1.a(rcc.o)
 .debug_abbrev  0x000000000000105f      0x10e ./libopencm3//lib/libopencm3_stm32f1.a(gpio_common_all.o)
 .debug_abbrev  0x000000000000116d       0xc1 ./libopencm3//lib/libopencm3_stm32f1.a(rcc_common_all.o)
 .debug_abbrev  0x000000000000122e       0xe7 ./libopencm3//lib/libopencm3_stm32f1.a(flash_common_f01.o)
 .debug_abbrev  0x0000000000001315      0x1fd ./libopencm3//lib/libopencm3_stm32f1.a(usb.o)
 .debug_abbrev  0x0000000000001512      0x330 ./libopencm3//lib/libopencm3_stm32f1.a(usb_control.o)
 .debug_abbrev  0x0000000000001842      0x41b ./libopencm3//lib/libopencm3_stm32f1.a(usb_standard.o)
 .debug_abbrev  0x0000000000001c5d      0x1d8 ./libopencm3//lib/libopencm3_stm32f1.a(st_usbfs_v1.o)
 .debug_abbrev  0x0000000000001e35      0x12b ./libopencm3//lib/libopencm3_stm32f1.a(vector.o)
 .debug_abbrev  0x0000000000001f60      0x132 ./libopencm3//lib/libopencm3_stm32f1.a(systick.o)
 .debug_abbrev  0x0000000000002092       0x79 ./libopencm3//lib/libopencm3_stm32f1.a(scb.o)
 .debug_abbrev  0x000000000000210b      0x281 ./libopencm3//lib/libopencm3_stm32f1.a(st_usbfs_core.o)
 .debug_abbrev  0x000000000000238c       0xa2 /home/a-h/x-tools/arm-none-eabi/lib/gcc/arm-none-eabi/4.9.4/../../../../arm-none-eabi/lib/libc.a(lib_a-memcpy.o)
 .debug_abbrev  0x000000000000242e       0x8a /home/a-h/x-tools/arm-none-eabi/lib/gcc/arm-none-eabi/4.9.4/../../../../arm-none-eabi/lib/libc.a(lib_a-strlen.o)
 .debug_abbrev  0x00000000000024b8       0x14 /home/a-h/x-tools/arm-none-eabi/lib/gcc/arm-none-eabi/4.9.4/libgcc.a(_arm_addsubdf3.o)
 .debug_abbrev  0x00000000000024cc       0x14 /home/a-h/x-tools/arm-none-eabi/lib/gcc/arm-none-eabi/4.9.4/libgcc.a(_arm_muldivdf3.o)
 .debug_abbrev  0x00000000000024e0       0x14 /home/a-h/x-tools/arm-none-eabi/lib/gcc/arm-none-eabi/4.9.4/libgcc.a(_arm_cmpdf2.o)
 .debug_abbrev  0x00000000000024f4       0x14 /home/a-h/x-tools/arm-none-eabi/lib/gcc/arm-none-eabi/4.9.4/libgcc.a(_arm_fixdfsi.o)

.debug_loc      0x0000000000000000     0x4a6f
 .debug_loc     0x0000000000000000      0x28a usbmouse.o
 .debug_loc     0x000000000000028a       0xb5 /home/a-h/x-tools/arm-none-eabi/lib/gcc/arm-none-eabi/4.9.4/../../../../arm-none-eabi/lib/libm.a(lib_a-s_cos.o)
 .debug_loc     0x000000000000033f       0xb5 /home/a-h/x-tools/arm-none-eabi/lib/gcc/arm-none-eabi/4.9.4/../../../../arm-none-eabi/lib/libm.a(lib_a-s_sin.o)
 .debug_loc     0x00000000000003f4      0x48c /home/a-h/x-tools/arm-none-eabi/lib/gcc/arm-none-eabi/4.9.4/../../../../arm-none-eabi/lib/libm.a(lib_a-e_rem_pio2.o)
 .debug_loc     0x0000000000000880      0x1ad /home/a-h/x-tools/arm-none-eabi/lib/gcc/arm-none-eabi/4.9.4/../../../../arm-none-eabi/lib/libm.a(lib_a-k_cos.o)
 .debug_loc     0x0000000000000a2d      0x97e /home/a-h/x-tools/arm-none-eabi/lib/gcc/arm-none-eabi/4.9.4/../../../../arm-none-eabi/lib/libm.a(lib_a-k_rem_pio2.o)
 .debug_loc     0x00000000000013ab      0x12d /home/a-h/x-tools/arm-none-eabi/lib/gcc/arm-none-eabi/4.9.4/../../../../arm-none-eabi/lib/libm.a(lib_a-k_sin.o)
 .debug_loc     0x00000000000014d8       0x2b /home/a-h/x-tools/arm-none-eabi/lib/gcc/arm-none-eabi/4.9.4/../../../../arm-none-eabi/lib/libm.a(lib_a-s_fabs.o)
 .debug_loc     0x0000000000001503      0x226 /home/a-h/x-tools/arm-none-eabi/lib/gcc/arm-none-eabi/4.9.4/../../../../arm-none-eabi/lib/libm.a(lib_a-s_floor.o)
 .debug_loc     0x0000000000001729      0x1c0 /home/a-h/x-tools/arm-none-eabi/lib/gcc/arm-none-eabi/4.9.4/../../../../arm-none-eabi/lib/libm.a(lib_a-s_scalbn.o)
 .debug_loc     0x00000000000018e9       0x53 /home/a-h/x-tools/arm-none-eabi/lib/gcc/arm-none-eabi/4.9.4/../../../../arm-none-eabi/lib/libm.a(lib_a-s_copysign.o)
 .debug_loc     0x000000000000193c      0x1aa ./libopencm3//lib/libopencm3_stm32f1.a(gpio.o)
 .debug_loc     0x0000000000001ae6      0x3f2 ./libopencm3//lib/libopencm3_stm32f1.a(rcc.o)
 .debug_loc     0x0000000000001ed8       0x84 ./libopencm3//lib/libopencm3_stm32f1.a(gpio_common_all.o)
 .debug_loc     0x0000000000001f5c      0x14a ./libopencm3//lib/libopencm3_stm32f1.a(rcc_common_all.o)
 .debug_loc     0x00000000000020a6       0xd3 ./libopencm3//lib/libopencm3_stm32f1.a(flash_common_f01.o)
 .debug_loc     0x0000000000002179      0x4b1 ./libopencm3//lib/libopencm3_stm32f1.a(usb.o)
 .debug_loc     0x000000000000262a      0x679 ./libopencm3//lib/libopencm3_stm32f1.a(usb_control.o)
 .debug_loc     0x0000000000002ca3     0x122f ./libopencm3//lib/libopencm3_stm32f1.a(usb_standard.o)
 .debug_loc     0x0000000000003ed2      0x157 ./libopencm3//lib/libopencm3_stm32f1.a(st_usbfs_v1.o)
 .debug_loc     0x0000000000004029       0xdf ./libopencm3//lib/libopencm3_stm32f1.a(vector.o)
 .debug_loc     0x0000000000004108      0x192 ./libopencm3//lib/libopencm3_stm32f1.a(systick.o)
 .debug_loc     0x000000000000429a       0x21 ./libopencm3//lib/libopencm3_stm32f1.a(scb.o)
 .debug_loc     0x00000000000042bb      0x70c ./libopencm3//lib/libopencm3_stm32f1.a(st_usbfs_core.o)
 .debug_loc     0x00000000000049c7       0x87 /home/a-h/x-tools/arm-none-eabi/lib/gcc/arm-none-eabi/4.9.4/../../../../arm-none-eabi/lib/libc.a(lib_a-memcpy.o)
 .debug_loc     0x0000000000004a4e       0x21 /home/a-h/x-tools/arm-none-eabi/lib/gcc/arm-none-eabi/4.9.4/../../../../arm-none-eabi/lib/libc.a(lib_a-strlen.o)

.debug_aranges  0x0000000000000000      0x820
 .debug_aranges
                0x0000000000000000       0x48 usbmouse.o
 .debug_aranges
                0x0000000000000048       0x20 /home/a-h/x-tools/arm-none-eabi/lib/gcc/arm-none-eabi/4.9.4/../../../../arm-none-eabi/lib/libm.a(lib_a-s_cos.o)
 .debug_aranges
                0x0000000000000068       0x20 /home/a-h/x-tools/arm-none-eabi/lib/gcc/arm-none-eabi/4.9.4/../../../../arm-none-eabi/lib/libm.a(lib_a-s_sin.o)
 .debug_aranges
                0x0000000000000088       0x20 /home/a-h/x-tools/arm-none-eabi/lib/gcc/arm-none-eabi/4.9.4/../../../../arm-none-eabi/lib/libm.a(lib_a-e_rem_pio2.o)
 .debug_aranges
                0x00000000000000a8       0x20 /home/a-h/x-tools/arm-none-eabi/lib/gcc/arm-none-eabi/4.9.4/../../../../arm-none-eabi/lib/libm.a(lib_a-k_cos.o)
 .debug_aranges
                0x00000000000000c8       0x20 /home/a-h/x-tools/arm-none-eabi/lib/gcc/arm-none-eabi/4.9.4/../../../../arm-none-eabi/lib/libm.a(lib_a-k_rem_pio2.o)
 .debug_aranges
                0x00000000000000e8       0x20 /home/a-h/x-tools/arm-none-eabi/lib/gcc/arm-none-eabi/4.9.4/../../../../arm-none-eabi/lib/libm.a(lib_a-k_sin.o)
 .debug_aranges
                0x0000000000000108       0x20 /home/a-h/x-tools/arm-none-eabi/lib/gcc/arm-none-eabi/4.9.4/../../../../arm-none-eabi/lib/libm.a(lib_a-s_fabs.o)
 .debug_aranges
                0x0000000000000128       0x20 /home/a-h/x-tools/arm-none-eabi/lib/gcc/arm-none-eabi/4.9.4/../../../../arm-none-eabi/lib/libm.a(lib_a-s_floor.o)
 .debug_aranges
                0x0000000000000148       0x20 /home/a-h/x-tools/arm-none-eabi/lib/gcc/arm-none-eabi/4.9.4/../../../../arm-none-eabi/lib/libm.a(lib_a-s_scalbn.o)
 .debug_aranges
                0x0000000000000168       0x20 /home/a-h/x-tools/arm-none-eabi/lib/gcc/arm-none-eabi/4.9.4/../../../../arm-none-eabi/lib/libm.a(lib_a-s_copysign.o)
 .debug_aranges
                0x0000000000000188       0x38 ./libopencm3//lib/libopencm3_stm32f1.a(gpio.o)
 .debug_aranges
                0x00000000000001c0      0x158 ./libopencm3//lib/libopencm3_stm32f1.a(rcc.o)
 .debug_aranges
                0x0000000000000318       0x50 ./libopencm3//lib/libopencm3_stm32f1.a(gpio_common_all.o)
 .debug_aranges
                0x0000000000000368       0x78 ./libopencm3//lib/libopencm3_stm32f1.a(rcc_common_all.o)
 .debug_aranges
                0x00000000000003e0       0x88 ./libopencm3//lib/libopencm3_stm32f1.a(flash_common_f01.o)
 .debug_aranges
                0x0000000000000468       0x88 ./libopencm3//lib/libopencm3_stm32f1.a(usb.o)
 .debug_aranges
                0x00000000000004f0       0x60 ./libopencm3//lib/libopencm3_stm32f1.a(usb_control.o)
 .debug_aranges
                0x0000000000000550       0xa0 ./libopencm3//lib/libopencm3_stm32f1.a(usb_standard.o)
 .debug_aranges
                0x00000000000005f0       0x30 ./libopencm3//lib/libopencm3_stm32f1.a(st_usbfs_v1.o)
 .debug_aranges
                0x0000000000000620       0x30 ./libopencm3//lib/libopencm3_stm32f1.a(vector.o)
 .debug_aranges
                0x0000000000000650       0x78 ./libopencm3//lib/libopencm3_stm32f1.a(systick.o)
 .debug_aranges
                0x00000000000006c8       0x30 ./libopencm3//lib/libopencm3_stm32f1.a(scb.o)
 .debug_aranges
                0x00000000000006f8       0x68 ./libopencm3//lib/libopencm3_stm32f1.a(st_usbfs_core.o)
 .debug_aranges
                0x0000000000000760       0x20 /home/a-h/x-tools/arm-none-eabi/lib/gcc/arm-none-eabi/4.9.4/../../../../arm-none-eabi/lib/libc.a(lib_a-memcpy.o)
 .debug_aranges
                0x0000000000000780       0x20 /home/a-h/x-tools/arm-none-eabi/lib/gcc/arm-none-eabi/4.9.4/../../../../arm-none-eabi/lib/libc.a(lib_a-strlen.o)
 .debug_aranges
                0x00000000000007a0       0x20 /home/a-h/x-tools/arm-none-eabi/lib/gcc/arm-none-eabi/4.9.4/libgcc.a(_arm_addsubdf3.o)
 .debug_aranges
                0x00000000000007c0       0x20 /home/a-h/x-tools/arm-none-eabi/lib/gcc/arm-none-eabi/4.9.4/libgcc.a(_arm_muldivdf3.o)
 .debug_aranges
                0x00000000000007e0       0x20 /home/a-h/x-tools/arm-none-eabi/lib/gcc/arm-none-eabi/4.9.4/libgcc.a(_arm_cmpdf2.o)
 .debug_aranges
                0x0000000000000800       0x20 /home/a-h/x-tools/arm-none-eabi/lib/gcc/arm-none-eabi/4.9.4/libgcc.a(_arm_fixdfsi.o)

.debug_ranges   0x0000000000000000      0x688
 .debug_ranges  0x0000000000000000       0x38 usbmouse.o
 .debug_ranges  0x0000000000000038       0x18 /home/a-h/x-tools/arm-none-eabi/lib/gcc/arm-none-eabi/4.9.4/../../../../arm-none-eabi/lib/libm.a(lib_a-s_scalbn.o)
 .debug_ranges  0x0000000000000050       0x28 ./libopencm3//lib/libopencm3_stm32f1.a(gpio.o)
 .debug_ranges  0x0000000000000078      0x1a8 ./libopencm3//lib/libopencm3_stm32f1.a(rcc.o)
 .debug_ranges  0x0000000000000220       0x40 ./libopencm3//lib/libopencm3_stm32f1.a(gpio_common_all.o)
 .debug_ranges  0x0000000000000260       0x68 ./libopencm3//lib/libopencm3_stm32f1.a(rcc_common_all.o)
 .debug_ranges  0x00000000000002c8       0x78 ./libopencm3//lib/libopencm3_stm32f1.a(flash_common_f01.o)
 .debug_ranges  0x0000000000000340       0x78 ./libopencm3//lib/libopencm3_stm32f1.a(usb.o)
 .debug_ranges  0x00000000000003b8       0x80 ./libopencm3//lib/libopencm3_stm32f1.a(usb_control.o)
 .debug_ranges  0x0000000000000438       0xe0 ./libopencm3//lib/libopencm3_stm32f1.a(usb_standard.o)
 .debug_ranges  0x0000000000000518       0x20 ./libopencm3//lib/libopencm3_stm32f1.a(st_usbfs_v1.o)
 .debug_ranges  0x0000000000000538       0x20 ./libopencm3//lib/libopencm3_stm32f1.a(vector.o)
 .debug_ranges  0x0000000000000558       0x68 ./libopencm3//lib/libopencm3_stm32f1.a(systick.o)
 .debug_ranges  0x00000000000005c0       0x20 ./libopencm3//lib/libopencm3_stm32f1.a(scb.o)
 .debug_ranges  0x00000000000005e0       0xa8 ./libopencm3//lib/libopencm3_stm32f1.a(st_usbfs_core.o)

.debug_line     0x0000000000000000     0x4f4a
 .debug_line    0x0000000000000000      0x292 usbmouse.o
 .debug_line    0x0000000000000292      0x21a /home/a-h/x-tools/arm-none-eabi/lib/gcc/arm-none-eabi/4.9.4/../../../../arm-none-eabi/lib/libm.a(lib_a-s_cos.o)
 .debug_line    0x00000000000004ac      0x21b /home/a-h/x-tools/arm-none-eabi/lib/gcc/arm-none-eabi/4.9.4/../../../../arm-none-eabi/lib/libm.a(lib_a-s_sin.o)
 .debug_line    0x00000000000006c7      0x293 /home/a-h/x-tools/arm-none-eabi/lib/gcc/arm-none-eabi/4.9.4/../../../../arm-none-eabi/lib/libm.a(lib_a-e_rem_pio2.o)
 .debug_line    0x000000000000095a      0x1b4 /home/a-h/x-tools/arm-none-eabi/lib/gcc/arm-none-eabi/4.9.4/../../../../arm-none-eabi/lib/libm.a(lib_a-k_cos.o)
 .debug_line    0x0000000000000b0e      0x392 /home/a-h/x-tools/arm-none-eabi/lib/gcc/arm-none-eabi/4.9.4/../../../../arm-none-eabi/lib/libm.a(lib_a-k_rem_pio2.o)
 .debug_line    0x0000000000000ea0      0x134 /home/a-h/x-tools/arm-none-eabi/lib/gcc/arm-none-eabi/4.9.4/../../../../arm-none-eabi/lib/libm.a(lib_a-k_sin.o)
 .debug_line    0x0000000000000fd4      0x1fd /home/a-h/x-tools/arm-none-eabi/lib/gcc/arm-none-eabi/4.9.4/../../../../arm-none-eabi/lib/libm.a(lib_a-s_fabs.o)
 .debug_line    0x00000000000011d1      0x25d /home/a-h/x-tools/arm-none-eabi/lib/gcc/arm-none-eabi/4.9.4/../../../../arm-none-eabi/lib/libm.a(lib_a-s_floor.o)
 .debug_line    0x000000000000142e      0x1c7 /home/a-h/x-tools/arm-none-eabi/lib/gcc/arm-none-eabi/4.9.4/../../../../arm-none-eabi/lib/libm.a(lib_a-s_scalbn.o)
 .debug_line    0x00000000000015f5      0x199 /home/a-h/x-tools/arm-none-eabi/lib/gcc/arm-none-eabi/4.9.4/../../../../arm-none-eabi/lib/libm.a(lib_a-s_copysign.o)
 .debug_line    0x000000000000178e      0x2c0 ./libopencm3//lib/libopencm3_stm32f1.a(gpio.o)
 .debug_line    0x0000000000001a4e      0x648 ./libopencm3//lib/libopencm3_stm32f1.a(rcc.o)
 .debug_line    0x0000000000002096      0x2f4 ./libopencm3//lib/libopencm3_stm32f1.a(gpio_common_all.o)
 .debug_line    0x000000000000238a      0x33f ./libopencm3//lib/libopencm3_stm32f1.a(rcc_common_all.o)
 .debug_line    0x00000000000026c9      0x37f ./libopencm3//lib/libopencm3_stm32f1.a(flash_common_f01.o)
 .debug_line    0x0000000000002a48      0x385 ./libopencm3//lib/libopencm3_stm32f1.a(usb.o)
 .debug_line    0x0000000000002dcd      0x3d7 ./libopencm3//lib/libopencm3_stm32f1.a(usb_control.o)
 .debug_line    0x00000000000031a4      0x50c ./libopencm3//lib/libopencm3_stm32f1.a(usb_standard.o)
 .debug_line    0x00000000000036b0      0x39b ./libopencm3//lib/libopencm3_stm32f1.a(st_usbfs_v1.o)
 .debug_line    0x0000000000003a4b      0x30e ./libopencm3//lib/libopencm3_stm32f1.a(vector.o)
 .debug_line    0x0000000000003d59      0x2a3 ./libopencm3//lib/libopencm3_stm32f1.a(systick.o)
 .debug_line    0x0000000000003ffc      0x27f ./libopencm3//lib/libopencm3_stm32f1.a(scb.o)
 .debug_line    0x000000000000427b      0x498 ./libopencm3//lib/libopencm3_stm32f1.a(st_usbfs_core.o)
 .debug_line    0x0000000000004713      0x186 /home/a-h/x-tools/arm-none-eabi/lib/gcc/arm-none-eabi/4.9.4/../../../../arm-none-eabi/lib/libc.a(lib_a-memcpy.o)
 .debug_line    0x0000000000004899      0x18b /home/a-h/x-tools/arm-none-eabi/lib/gcc/arm-none-eabi/4.9.4/../../../../arm-none-eabi/lib/libc.a(lib_a-strlen.o)
 .debug_line    0x0000000000004a24      0x1b0 /home/a-h/x-tools/arm-none-eabi/lib/gcc/arm-none-eabi/4.9.4/libgcc.a(_arm_addsubdf3.o)
 .debug_line    0x0000000000004bd4      0x1d4 /home/a-h/x-tools/arm-none-eabi/lib/gcc/arm-none-eabi/4.9.4/libgcc.a(_arm_muldivdf3.o)
 .debug_line    0x0000000000004da8       0xf1 /home/a-h/x-tools/arm-none-eabi/lib/gcc/arm-none-eabi/4.9.4/libgcc.a(_arm_cmpdf2.o)
 .debug_line    0x0000000000004e99       0xb1 /home/a-h/x-tools/arm-none-eabi/lib/gcc/arm-none-eabi/4.9.4/libgcc.a(_arm_fixdfsi.o)

.debug_str      0x0000000000000000    0x12fc8
 .debug_str     0x0000000000000000      0x9f2 usbmouse.o
                                        0xb13 (size before relaxing)
 .debug_str     0x00000000000009f2       0xfc /home/a-h/x-tools/arm-none-eabi/lib/gcc/arm-none-eabi/4.9.4/../../../../arm-none-eabi/lib/libm.a(lib_a-s_cos.o)
                                        0x1a7 (size before relaxing)
 .debug_str     0x0000000000000aee       0x68 /home/a-h/x-tools/arm-none-eabi/lib/gcc/arm-none-eabi/4.9.4/../../../../arm-none-eabi/lib/libm.a(lib_a-s_sin.o)
                                        0x1a7 (size before relaxing)
 .debug_str     0x0000000000000b56      0x10a /home/a-h/x-tools/arm-none-eabi/lib/gcc/arm-none-eabi/4.9.4/../../../../arm-none-eabi/lib/libm.a(lib_a-e_rem_pio2.o)
                                        0x240 (size before relaxing)
 .debug_str     0x0000000000000c60       0x6d /home/a-h/x-tools/arm-none-eabi/lib/gcc/arm-none-eabi/4.9.4/../../../../arm-none-eabi/lib/libm.a(lib_a-k_cos.o)
                                        0x1ba (size before relaxing)
 .debug_str     0x0000000000000ccd       0xa9 /home/a-h/x-tools/arm-none-eabi/lib/gcc/arm-none-eabi/4.9.4/../../../../arm-none-eabi/lib/libm.a(lib_a-k_rem_pio2.o)
                                        0x1d8 (size before relaxing)
 .debug_str     0x0000000000000d76       0x68 /home/a-h/x-tools/arm-none-eabi/lib/gcc/arm-none-eabi/4.9.4/../../../../arm-none-eabi/lib/libm.a(lib_a-k_sin.o)
                                        0x18c (size before relaxing)
 .debug_str     0x0000000000000dde       0x69 /home/a-h/x-tools/arm-none-eabi/lib/gcc/arm-none-eabi/4.9.4/../../../../arm-none-eabi/lib/libm.a(lib_a-s_fabs.o)
                                        0x1ae (size before relaxing)
 .debug_str     0x0000000000000e47       0x7b /home/a-h/x-tools/arm-none-eabi/lib/gcc/arm-none-eabi/4.9.4/../../../../arm-none-eabi/lib/libm.a(lib_a-s_floor.o)
                                        0x1c6 (size before relaxing)
 .debug_str     0x0000000000000ec2       0x88 /home/a-h/x-tools/arm-none-eabi/lib/gcc/arm-none-eabi/4.9.4/../../../../arm-none-eabi/lib/libm.a(lib_a-s_scalbn.o)
                                        0x1e3 (size before relaxing)
 .debug_str     0x0000000000000f4a       0x6f /home/a-h/x-tools/arm-none-eabi/lib/gcc/arm-none-eabi/4.9.4/../../../../arm-none-eabi/lib/libm.a(lib_a-s_copysign.o)
                                        0x1b3 (size before relaxing)
 .debug_str     0x0000000000000fb9     0x76b3 ./libopencm3//lib/libopencm3_stm32f1.a(gpio.o)
                                       0x785d (size before relaxing)
 .debug_str     0x000000000000866c     0x308c ./libopencm3//lib/libopencm3_stm32f1.a(rcc.o)
                                       0x70fb (size before relaxing)
 .debug_str     0x000000000000b6f8       0x66 ./libopencm3//lib/libopencm3_stm32f1.a(gpio_common_all.o)
                                       0x7851 (size before relaxing)
 .debug_str     0x000000000000b75e      0x35b ./libopencm3//lib/libopencm3_stm32f1.a(rcc_common_all.o)
                                       0x6a46 (size before relaxing)
 .debug_str     0x000000000000bab9      0x179 ./libopencm3//lib/libopencm3_stm32f1.a(flash_common_f01.o)
                                       0x4904 (size before relaxing)
 .debug_str     0x000000000000bc32     0x2f2e ./libopencm3//lib/libopencm3_stm32f1.a(usb.o)
                                       0x67cd (size before relaxing)
 .debug_str     0x000000000000eb60      0x1f5 ./libopencm3//lib/libopencm3_stm32f1.a(usb_control.o)
                                       0x6861 (size before relaxing)
 .debug_str     0x000000000000ed55      0x2b8 ./libopencm3//lib/libopencm3_stm32f1.a(usb_standard.o)
                                       0x698a (size before relaxing)
 .debug_str     0x000000000000f00d     0x1581 ./libopencm3//lib/libopencm3_stm32f1.a(st_usbfs_v1.o)
                                       0x8a75 (size before relaxing)
 .debug_str     0x000000000001058e     0x24ec ./libopencm3//lib/libopencm3_stm32f1.a(vector.o)
                                       0x59ae (size before relaxing)
 .debug_str     0x0000000000012a7a      0x2f0 ./libopencm3//lib/libopencm3_stm32f1.a(systick.o)
                                       0x381d (size before relaxing)
 .debug_str     0x0000000000012d6a       0x44 ./libopencm3//lib/libopencm3_stm32f1.a(scb.o)
                                       0x6c1c (size before relaxing)
 .debug_str     0x0000000000012dae      0x123 ./libopencm3//lib/libopencm3_stm32f1.a(st_usbfs_core.o)
                                       0x8984 (size before relaxing)
 .debug_str     0x0000000000012ed1       0x7f /home/a-h/x-tools/arm-none-eabi/lib/gcc/arm-none-eabi/4.9.4/../../../../arm-none-eabi/lib/libc.a(lib_a-memcpy.o)
                                        0x17c (size before relaxing)
 .debug_str     0x0000000000012f50       0x78 /home/a-h/x-tools/arm-none-eabi/lib/gcc/arm-none-eabi/4.9.4/../../../../arm-none-eabi/lib/libc.a(lib_a-strlen.o)
                                        0x175 (size before relaxing)

.comment        0x0000000000000000       0x34
 .comment       0x0000000000000000       0x34 usbmouse.o
                                         0x35 (size before relaxing)
 .comment       0x0000000000000034       0x35 /home/a-h/x-tools/arm-none-eabi/lib/gcc/arm-none-eabi/4.9.4/../../../../arm-none-eabi/lib/libm.a(lib_a-s_cos.o)
 .comment       0x0000000000000034       0x35 /home/a-h/x-tools/arm-none-eabi/lib/gcc/arm-none-eabi/4.9.4/../../../../arm-none-eabi/lib/libm.a(lib_a-s_sin.o)
 .comment       0x0000000000000034       0x35 /home/a-h/x-tools/arm-none-eabi/lib/gcc/arm-none-eabi/4.9.4/../../../../arm-none-eabi/lib/libm.a(lib_a-e_rem_pio2.o)
 .comment       0x0000000000000034       0x35 /home/a-h/x-tools/arm-none-eabi/lib/gcc/arm-none-eabi/4.9.4/../../../../arm-none-eabi/lib/libm.a(lib_a-k_cos.o)
 .comment       0x0000000000000034       0x35 /home/a-h/x-tools/arm-none-eabi/lib/gcc/arm-none-eabi/4.9.4/../../../../arm-none-eabi/lib/libm.a(lib_a-k_rem_pio2.o)
 .comment       0x0000000000000034       0x35 /home/a-h/x-tools/arm-none-eabi/lib/gcc/arm-none-eabi/4.9.4/../../../../arm-none-eabi/lib/libm.a(lib_a-k_sin.o)
 .comment       0x0000000000000034       0x35 /home/a-h/x-tools/arm-none-eabi/lib/gcc/arm-none-eabi/4.9.4/../../../../arm-none-eabi/lib/libm.a(lib_a-s_fabs.o)
 .comment       0x0000000000000034       0x35 /home/a-h/x-tools/arm-none-eabi/lib/gcc/arm-none-eabi/4.9.4/../../../../arm-none-eabi/lib/libm.a(lib_a-s_floor.o)
 .comment       0x0000000000000034       0x35 /home/a-h/x-tools/arm-none-eabi/lib/gcc/arm-none-eabi/4.9.4/../../../../arm-none-eabi/lib/libm.a(lib_a-s_scalbn.o)
 .comment       0x0000000000000034       0x35 /home/a-h/x-tools/arm-none-eabi/lib/gcc/arm-none-eabi/4.9.4/../../../../arm-none-eabi/lib/libm.a(lib_a-s_copysign.o)
 .comment       0x0000000000000034       0x35 ./libopencm3//lib/libopencm3_stm32f1.a(gpio.o)
 .comment       0x0000000000000034       0x35 ./libopencm3//lib/libopencm3_stm32f1.a(rcc.o)
 .comment       0x0000000000000034       0x35 ./libopencm3//lib/libopencm3_stm32f1.a(gpio_common_all.o)
 .comment       0x0000000000000034       0x35 ./libopencm3//lib/libopencm3_stm32f1.a(rcc_common_all.o)
 .comment       0x0000000000000034       0x35 ./libopencm3//lib/libopencm3_stm32f1.a(flash_common_f01.o)
 .comment       0x0000000000000034       0x35 ./libopencm3//lib/libopencm3_stm32f1.a(usb.o)
 .comment       0x0000000000000034       0x35 ./libopencm3//lib/libopencm3_stm32f1.a(usb_control.o)
 .comment       0x0000000000000034       0x35 ./libopencm3//lib/libopencm3_stm32f1.a(usb_standard.o)
 .comment       0x0000000000000034       0x35 ./libopencm3//lib/libopencm3_stm32f1.a(st_usbfs_v1.o)
 .comment       0x0000000000000034       0x35 ./libopencm3//lib/libopencm3_stm32f1.a(vector.o)
 .comment       0x0000000000000034       0x35 ./libopencm3//lib/libopencm3_stm32f1.a(systick.o)
 .comment       0x0000000000000034       0x35 ./libopencm3//lib/libopencm3_stm32f1.a(scb.o)
 .comment       0x0000000000000034       0x35 ./libopencm3//lib/libopencm3_stm32f1.a(st_usbfs_core.o)
 .comment       0x0000000000000034       0x35 /home/a-h/x-tools/arm-none-eabi/lib/gcc/arm-none-eabi/4.9.4/../../../../arm-none-eabi/lib/libc.a(lib_a-memcpy.o)
 .comment       0x0000000000000034       0x35 /home/a-h/x-tools/arm-none-eabi/lib/gcc/arm-none-eabi/4.9.4/../../../../arm-none-eabi/lib/libc.a(lib_a-strlen.o)

.ARM.attributes
                0x0000000000000000       0x33
 .ARM.attributes
                0x0000000000000000       0x33 usbmouse.o
 .ARM.attributes
                0x0000000000000033       0x33 /home/a-h/x-tools/arm-none-eabi/lib/gcc/arm-none-eabi/4.9.4/../../../../arm-none-eabi/lib/libm.a(lib_a-s_cos.o)
 .ARM.attributes
                0x0000000000000066       0x33 /home/a-h/x-tools/arm-none-eabi/lib/gcc/arm-none-eabi/4.9.4/../../../../arm-none-eabi/lib/libm.a(lib_a-s_sin.o)
 .ARM.attributes
                0x0000000000000099       0x33 /home/a-h/x-tools/arm-none-eabi/lib/gcc/arm-none-eabi/4.9.4/../../../../arm-none-eabi/lib/libm.a(lib_a-e_rem_pio2.o)
 .ARM.attributes
                0x00000000000000cc       0x33 /home/a-h/x-tools/arm-none-eabi/lib/gcc/arm-none-eabi/4.9.4/../../../../arm-none-eabi/lib/libm.a(lib_a-k_cos.o)
 .ARM.attributes
                0x00000000000000ff       0x33 /home/a-h/x-tools/arm-none-eabi/lib/gcc/arm-none-eabi/4.9.4/../../../../arm-none-eabi/lib/libm.a(lib_a-k_rem_pio2.o)
 .ARM.attributes
                0x0000000000000132       0x33 /home/a-h/x-tools/arm-none-eabi/lib/gcc/arm-none-eabi/4.9.4/../../../../arm-none-eabi/lib/libm.a(lib_a-k_sin.o)
 .ARM.attributes
                0x0000000000000165       0x33 /home/a-h/x-tools/arm-none-eabi/lib/gcc/arm-none-eabi/4.9.4/../../../../arm-none-eabi/lib/libm.a(lib_a-s_fabs.o)
 .ARM.attributes
                0x0000000000000198       0x33 /home/a-h/x-tools/arm-none-eabi/lib/gcc/arm-none-eabi/4.9.4/../../../../arm-none-eabi/lib/libm.a(lib_a-s_floor.o)
 .ARM.attributes
                0x00000000000001cb       0x33 /home/a-h/x-tools/arm-none-eabi/lib/gcc/arm-none-eabi/4.9.4/../../../../arm-none-eabi/lib/libm.a(lib_a-s_scalbn.o)
 .ARM.attributes
                0x00000000000001fe       0x33 /home/a-h/x-tools/arm-none-eabi/lib/gcc/arm-none-eabi/4.9.4/../../../../arm-none-eabi/lib/libm.a(lib_a-s_copysign.o)
 .ARM.attributes
                0x0000000000000231       0x33 ./libopencm3//lib/libopencm3_stm32f1.a(gpio.o)
 .ARM.attributes
                0x0000000000000264       0x33 ./libopencm3//lib/libopencm3_stm32f1.a(rcc.o)
 .ARM.attributes
                0x0000000000000297       0x33 ./libopencm3//lib/libopencm3_stm32f1.a(gpio_common_all.o)
 .ARM.attributes
                0x00000000000002ca       0x33 ./libopencm3//lib/libopencm3_stm32f1.a(rcc_common_all.o)
 .ARM.attributes
                0x00000000000002fd       0x33 ./libopencm3//lib/libopencm3_stm32f1.a(flash_common_f01.o)
 .ARM.attributes
                0x0000000000000330       0x33 ./libopencm3//lib/libopencm3_stm32f1.a(usb.o)
 .ARM.attributes
                0x0000000000000363       0x33 ./libopencm3//lib/libopencm3_stm32f1.a(usb_control.o)
 .ARM.attributes
                0x0000000000000396       0x33 ./libopencm3//lib/libopencm3_stm32f1.a(usb_standard.o)
 .ARM.attributes
                0x00000000000003c9       0x33 ./libopencm3//lib/libopencm3_stm32f1.a(st_usbfs_v1.o)
 .ARM.attributes
                0x00000000000003fc       0x33 ./libopencm3//lib/libopencm3_stm32f1.a(vector.o)
 .ARM.attributes
                0x000000000000042f       0x33 ./libopencm3//lib/libopencm3_stm32f1.a(systick.o)
 .ARM.attributes
                0x0000000000000462       0x33 ./libopencm3//lib/libopencm3_stm32f1.a(scb.o)
 .ARM.attributes
                0x0000000000000495       0x33 ./libopencm3//lib/libopencm3_stm32f1.a(st_usbfs_core.o)
 .ARM.attributes
                0x00000000000004c8       0x33 /home/a-h/x-tools/arm-none-eabi/lib/gcc/arm-none-eabi/4.9.4/../../../../arm-none-eabi/lib/libc.a(lib_a-memcpy.o)
 .ARM.attributes
                0x00000000000004fb       0x33 /home/a-h/x-tools/arm-none-eabi/lib/gcc/arm-none-eabi/4.9.4/../../../../arm-none-eabi/lib/libc.a(lib_a-strlen.o)
 .ARM.attributes
                0x000000000000052e       0x23 /home/a-h/x-tools/arm-none-eabi/lib/gcc/arm-none-eabi/4.9.4/libgcc.a(_arm_addsubdf3.o)
 .ARM.attributes
                0x0000000000000551       0x23 /home/a-h/x-tools/arm-none-eabi/lib/gcc/arm-none-eabi/4.9.4/libgcc.a(_arm_muldivdf3.o)
 .ARM.attributes
                0x0000000000000574       0x23 /home/a-h/x-tools/arm-none-eabi/lib/gcc/arm-none-eabi/4.9.4/libgcc.a(_arm_cmpdf2.o)
 .ARM.attributes
                0x0000000000000597       0x23 /home/a-h/x-tools/arm-none-eabi/lib/gcc/arm-none-eabi/4.9.4/libgcc.a(_arm_fixdfsi.o)

.debug_frame    0x0000000000000000      0xfe8
 .debug_frame   0x0000000000000000       0xa4 usbmouse.o
 .debug_frame   0x00000000000000a4       0x30 /home/a-h/x-tools/arm-none-eabi/lib/gcc/arm-none-eabi/4.9.4/../../../../arm-none-eabi/lib/libm.a(lib_a-s_cos.o)
 .debug_frame   0x00000000000000d4       0x30 /home/a-h/x-tools/arm-none-eabi/lib/gcc/arm-none-eabi/4.9.4/../../../../arm-none-eabi/lib/libm.a(lib_a-s_sin.o)
 .debug_frame   0x0000000000000104       0x40 /home/a-h/x-tools/arm-none-eabi/lib/gcc/arm-none-eabi/4.9.4/../../../../arm-none-eabi/lib/libm.a(lib_a-e_rem_pio2.o)
 .debug_frame   0x0000000000000144       0x3c /home/a-h/x-tools/arm-none-eabi/lib/gcc/arm-none-eabi/4.9.4/../../../../arm-none-eabi/lib/libm.a(lib_a-k_cos.o)
 .debug_frame   0x0000000000000180       0x40 /home/a-h/x-tools/arm-none-eabi/lib/gcc/arm-none-eabi/4.9.4/../../../../arm-none-eabi/lib/libm.a(lib_a-k_rem_pio2.o)
 .debug_frame   0x00000000000001c0       0x3c /home/a-h/x-tools/arm-none-eabi/lib/gcc/arm-none-eabi/4.9.4/../../../../arm-none-eabi/lib/libm.a(lib_a-k_sin.o)
 .debug_frame   0x00000000000001fc       0x20 /home/a-h/x-tools/arm-none-eabi/lib/gcc/arm-none-eabi/4.9.4/../../../../arm-none-eabi/lib/libm.a(lib_a-s_fabs.o)
 .debug_frame   0x000000000000021c       0x34 /home/a-h/x-tools/arm-none-eabi/lib/gcc/arm-none-eabi/4.9.4/../../../../arm-none-eabi/lib/libm.a(lib_a-s_floor.o)
 .debug_frame   0x0000000000000250       0x30 /home/a-h/x-tools/arm-none-eabi/lib/gcc/arm-none-eabi/4.9.4/../../../../arm-none-eabi/lib/libm.a(lib_a-s_scalbn.o)
 .debug_frame   0x0000000000000280       0x20 /home/a-h/x-tools/arm-none-eabi/lib/gcc/arm-none-eabi/4.9.4/../../../../arm-none-eabi/lib/libm.a(lib_a-s_copysign.o)
 .debug_frame   0x00000000000002a0       0x64 ./libopencm3//lib/libopencm3_stm32f1.a(gpio.o)
 .debug_frame   0x0000000000000304      0x2e0 ./libopencm3//lib/libopencm3_stm32f1.a(rcc.o)
 .debug_frame   0x00000000000005e4       0x80 ./libopencm3//lib/libopencm3_stm32f1.a(gpio_common_all.o)
 .debug_frame   0x0000000000000664       0xd0 ./libopencm3//lib/libopencm3_stm32f1.a(rcc_common_all.o)
 .debug_frame   0x0000000000000734      0x120 ./libopencm3//lib/libopencm3_stm32f1.a(flash_common_f01.o)
 .debug_frame   0x0000000000000854      0x13c ./libopencm3//lib/libopencm3_stm32f1.a(usb.o)
 .debug_frame   0x0000000000000990      0x164 ./libopencm3//lib/libopencm3_stm32f1.a(usb_control.o)
 .debug_frame   0x0000000000000af4      0x1ec ./libopencm3//lib/libopencm3_stm32f1.a(usb_standard.o)
 .debug_frame   0x0000000000000ce0       0x58 ./libopencm3//lib/libopencm3_stm32f1.a(st_usbfs_v1.o)
 .debug_frame   0x0000000000000d38       0x40 ./libopencm3//lib/libopencm3_stm32f1.a(vector.o)
 .debug_frame   0x0000000000000d78       0xd8 ./libopencm3//lib/libopencm3_stm32f1.a(systick.o)
 .debug_frame   0x0000000000000e50       0x40 ./libopencm3//lib/libopencm3_stm32f1.a(scb.o)
 .debug_frame   0x0000000000000e90      0x110 ./libopencm3//lib/libopencm3_stm32f1.a(st_usbfs_core.o)
 .debug_frame   0x0000000000000fa0       0x28 /home/a-h/x-tools/arm-none-eabi/lib/gcc/arm-none-eabi/4.9.4/../../../../arm-none-eabi/lib/libc.a(lib_a-memcpy.o)
 .debug_frame   0x0000000000000fc8       0x20 /home/a-h/x-tools/arm-none-eabi/lib/gcc/arm-none-eabi/4.9.4/../../../../arm-none-eabi/lib/libc.a(lib_a-strlen.o)

.debug_macro    0x0000000000000000     0x4790
 .debug_macro   0x0000000000000000       0xa1 ./libopencm3//lib/libopencm3_stm32f1.a(gpio.o)
 .debug_macro   0x00000000000000a1      0x874 ./libopencm3//lib/libopencm3_stm32f1.a(gpio.o)
 .debug_macro   0x0000000000000915       0x22 ./libopencm3//lib/libopencm3_stm32f1.a(gpio.o)
 .debug_macro   0x0000000000000937       0x44 ./libopencm3//lib/libopencm3_stm32f1.a(gpio.o)
 .debug_macro   0x000000000000097b       0x1c ./libopencm3//lib/libopencm3_stm32f1.a(gpio.o)
 .debug_macro   0x0000000000000997      0x1f7 ./libopencm3//lib/libopencm3_stm32f1.a(gpio.o)
 .debug_macro   0x0000000000000b8e       0x22 ./libopencm3//lib/libopencm3_stm32f1.a(gpio.o)
 .debug_macro   0x0000000000000bb0       0xfa ./libopencm3//lib/libopencm3_stm32f1.a(gpio.o)
 .debug_macro   0x0000000000000caa       0x58 ./libopencm3//lib/libopencm3_stm32f1.a(gpio.o)
 .debug_macro   0x0000000000000d02      0x1b4 ./libopencm3//lib/libopencm3_stm32f1.a(gpio.o)
 .debug_macro   0x0000000000000eb6       0x76 ./libopencm3//lib/libopencm3_stm32f1.a(gpio.o)
 .debug_macro   0x0000000000000f2c      0xdfd ./libopencm3//lib/libopencm3_stm32f1.a(gpio.o)
 .debug_macro   0x0000000000001d29       0xc8 ./libopencm3//lib/libopencm3_stm32f1.a(rcc.o)
 .debug_macro   0x0000000000001df1       0x16 ./libopencm3//lib/libopencm3_stm32f1.a(rcc.o)
 .debug_macro   0x0000000000001e07      0x82c ./libopencm3//lib/libopencm3_stm32f1.a(rcc.o)
 .debug_macro   0x0000000000002633       0xdc ./libopencm3//lib/libopencm3_stm32f1.a(rcc.o)
 .debug_macro   0x000000000000270f       0x82 ./libopencm3//lib/libopencm3_stm32f1.a(rcc.o)
 .debug_macro   0x0000000000002791       0xa1 ./libopencm3//lib/libopencm3_stm32f1.a(gpio_common_all.o)
 .debug_macro   0x0000000000002832       0xb7 ./libopencm3//lib/libopencm3_stm32f1.a(rcc_common_all.o)
 .debug_macro   0x00000000000028e9       0xa1 ./libopencm3//lib/libopencm3_stm32f1.a(flash_common_f01.o)
 .debug_macro   0x000000000000298a      0x12c ./libopencm3//lib/libopencm3_stm32f1.a(usb.o)
 .debug_macro   0x0000000000002ab6       0x58 ./libopencm3//lib/libopencm3_stm32f1.a(usb.o)
 .debug_macro   0x0000000000002b0e       0x35 ./libopencm3//lib/libopencm3_stm32f1.a(usb.o)
 .debug_macro   0x0000000000002b43       0x9c ./libopencm3//lib/libopencm3_stm32f1.a(usb.o)
 .debug_macro   0x0000000000002bdf      0x166 ./libopencm3//lib/libopencm3_stm32f1.a(usb.o)
 .debug_macro   0x0000000000002d45       0x4a ./libopencm3//lib/libopencm3_stm32f1.a(usb.o)
 .debug_macro   0x0000000000002d8f       0x52 ./libopencm3//lib/libopencm3_stm32f1.a(usb.o)
 .debug_macro   0x0000000000002de1       0x16 ./libopencm3//lib/libopencm3_stm32f1.a(usb.o)
 .debug_macro   0x0000000000002df7       0x43 ./libopencm3//lib/libopencm3_stm32f1.a(usb.o)
 .debug_macro   0x0000000000002e3a      0x180 ./libopencm3//lib/libopencm3_stm32f1.a(usb.o)
 .debug_macro   0x0000000000002fba      0x29d ./libopencm3//lib/libopencm3_stm32f1.a(usb.o)
 .debug_macro   0x0000000000003257       0x10 ./libopencm3//lib/libopencm3_stm32f1.a(usb.o)
 .debug_macro   0x0000000000003267       0x35 ./libopencm3//lib/libopencm3_stm32f1.a(usb.o)
 .debug_macro   0x000000000000329c      0x196 ./libopencm3//lib/libopencm3_stm32f1.a(usb.o)
 .debug_macro   0x0000000000003432       0x10 ./libopencm3//lib/libopencm3_stm32f1.a(usb.o)
 .debug_macro   0x0000000000003442       0x1c ./libopencm3//lib/libopencm3_stm32f1.a(usb.o)
 .debug_macro   0x000000000000345e      0x13a ./libopencm3//lib/libopencm3_stm32f1.a(usb_control.o)
 .debug_macro   0x0000000000003598       0x16 ./libopencm3//lib/libopencm3_stm32f1.a(usb_control.o)
 .debug_macro   0x00000000000035ae      0x10e ./libopencm3//lib/libopencm3_stm32f1.a(usb_control.o)
 .debug_macro   0x00000000000036bc       0x7f ./libopencm3//lib/libopencm3_stm32f1.a(usb_control.o)
 .debug_macro   0x000000000000373b       0x22 ./libopencm3//lib/libopencm3_stm32f1.a(usb_control.o)
 .debug_macro   0x000000000000375d      0x12c ./libopencm3//lib/libopencm3_stm32f1.a(usb_standard.o)
 .debug_macro   0x0000000000003889       0xf6 ./libopencm3//lib/libopencm3_stm32f1.a(st_usbfs_v1.o)
 .debug_macro   0x000000000000397f       0x3a ./libopencm3//lib/libopencm3_stm32f1.a(st_usbfs_v1.o)
 .debug_macro   0x00000000000039b9      0x29e ./libopencm3//lib/libopencm3_stm32f1.a(st_usbfs_v1.o)
 .debug_macro   0x0000000000003c57       0x28 ./libopencm3//lib/libopencm3_stm32f1.a(st_usbfs_v1.o)
 .debug_macro   0x0000000000003c7f      0x19c ./libopencm3//lib/libopencm3_stm32f1.a(st_usbfs_v1.o)
 .debug_macro   0x0000000000003e1b       0x10 ./libopencm3//lib/libopencm3_stm32f1.a(st_usbfs_v1.o)
 .debug_macro   0x0000000000003e2b       0xb8 ./libopencm3//lib/libopencm3_stm32f1.a(vector.o)
 .debug_macro   0x0000000000003ee3      0x3a1 ./libopencm3//lib/libopencm3_stm32f1.a(vector.o)
 .debug_macro   0x0000000000004284       0x6a ./libopencm3//lib/libopencm3_stm32f1.a(vector.o)
 .debug_macro   0x00000000000042ee      0x1a2 ./libopencm3//lib/libopencm3_stm32f1.a(vector.o)
 .debug_macro   0x0000000000004490       0x7b ./libopencm3//lib/libopencm3_stm32f1.a(systick.o)
 .debug_macro   0x000000000000450b       0x64 ./libopencm3//lib/libopencm3_stm32f1.a(systick.o)
 .debug_macro   0x000000000000456f      0x12b ./libopencm3//lib/libopencm3_stm32f1.a(scb.o)
 .debug_macro   0x000000000000469a       0xf6 ./libopencm3//lib/libopencm3_stm32f1.a(st_usbfs_core.o)
